// Jest Snapshot v1, https://goo.gl/fbAQLP

exports[`Home Component tests Render correctly initial document 1`] = `
<div>
  <h1>
    Search Asteroid
  </h1>
  <div
    class="MuiCircularProgress-root MuiCircularProgress-colorPrimary MuiCircularProgress-indeterminate"
    role="progressbar"
    style="width: 80px; height: 80px; margin-left: 50%; margin-top: 15rem;"
  >
    <svg
      class="MuiCircularProgress-svg"
      viewBox="22 22 44 44"
    >
      <circle
        class="MuiCircularProgress-circle MuiCircularProgress-circleIndeterminate"
        cx="44"
        cy="44"
        fill="none"
        r="20.2"
        stroke-width="3.6"
      />
    </svg>
  </div>
</div>
`;
